// 重构日志: 5a8f9689
// 重构日志: 142c2d75
// 重构日志: 6c6111f2
// 重构日志: 467a1944
// 同步 ID: ab77cf0e @ Mon Jul 27 02:12:25 UTC 2026
// 重构日志: dbfee9a6
// 重构日志: f126e87d
// 同步 ID: 71fb0f43 @ Tue Jul 28 13:53:40 UTC 2026
// 同步 ID: e459de10 @ Tue Jul 28 16:14:35 UTC 2026
// 同步 ID: 0a2fafbc @ Wed Jul 29 19:28:36 UTC 2026
// 同步 ID: bd43e5c8 @ Thu Jul 30 04:42:42 UTC 2026
// 同步 ID: 46b6e848 @ Fri Jul 31 01:24:37 UTC 2026
// 重构日志: 43cc5f90
// 同步 ID: ef1e3be7 @ Fri Jul 31 17:34:54 UTC 2026
// 同步 ID: 3cb7a0d1 @ Sat Aug  1 11:55:13 UTC 2026
// 重构日志: 26672b3a
// 同步 ID: 1eaff153 @ Sat Aug  1 17:48:07 UTC 2026
// 同步 ID: 8a2916f2 @ Sun Aug  2 08:24:39 UTC 2026
// 重构日志: 7b007566
// 重构日志: 5245d5e1
// 同步 ID: 5e3140cd @ Mon Aug  3 16:54:24 UTC 2026
// 重构日志: 73f3e628
// 重构日志: 1a2f2283
// 重构日志: 84d957f4
// 重构日志: 77a79d8e
// 重构日志: 75732ed4
// 重构日志: d667a5d6
// 重构日志: d2c91c88
// 重构日志: 846fa2b2
// 同步 ID: edfc9e06 @ Fri Aug  7 18:04:04 UTC 2026
// 重构日志: 016cf995
